// Jest Snapshot v1, https://goo.gl/fbAQLP

exports[`The GalleryScroller Renders as expected 1`] = `
<div
  style={
    Object {
      "overflow": "hidden",
    }
  }
>
  <div
    className="scroller"
    style={
      Object {
        "height": 683,
      }
    }
  >
    <a
      className="page-link"
      href="/gallery-item/11"
      onClick={[Function]}
    >
      <div
        className="scroller-item"
      >
        <img
          alt="something"
          src="https://s3-us-west-2.amazonaws.com/kelseylovesart/images/chained.1200x1000.jpg"
          width="80%"
        />
        <div
          className="price-title"
          style={
            Object {
              "backgroundColor": "#FCFFB3",
            }
          }
        >
          <div
            className="title"
          >
            Chained
          </div>
          <div>
            $
            150
          </div>
        </div>
      </div>
    </a>
    <a
      className="page-link"
      href="/gallery-item/12"
      onClick={[Function]}
    >
      <div
        className="scroller-item"
      >
        <img
          alt="something"
          src="https://s3-us-west-2.amazonaws.com/kelseylovesart/images/riptide.1350x1000.jpg"
          width="80%"
        />
        <div
          className="price-title"
          style={
            Object {
              "backgroundColor": "#8FD7E1",
            }
          }
        >
          <div
            className="title"
          >
            Reef
          </div>
          <div>
            $
            150
          </div>
        </div>
      </div>
    </a>
    <a
      className="page-link"
      href="/gallery-item/13"
      onClick={[Function]}
    >
      <div
        className="scroller-item"
      >
        <img
          alt="something"
          src="https://s3-us-west-2.amazonaws.com/kelseylovesart/images/orbit.1330x1000.jpg"
          width="80%"
        />
        <div
          className="price-title"
          style={
            Object {
              "backgroundColor": "#AAFFE7",
            }
          }
        >
          <div
            className="title"
          >
            Orbit
          </div>
          <div>
            $
            150
          </div>
        </div>
      </div>
    </a>
    <a
      className="page-link"
      href="/gallery-item/14"
      onClick={[Function]}
    >
      <div
        className="scroller-item"
      >
        <img
          alt="something"
          src="https://s3-us-west-2.amazonaws.com/kelseylovesart/images/flourish.950x1400.jpg"
          width="80%"
        />
        <div
          className="price-title"
          style={
            Object {
              "backgroundColor": "#FFC95F",
            }
          }
        >
          <div
            className="title"
          >
            Flourish
          </div>
          <div>
            $
            150
          </div>
        </div>
      </div>
    </a>
    <a
      className="page-link"
      href="/gallery-item/15"
      onClick={[Function]}
    >
      <div
        className="scroller-item"
      >
        <img
          alt="something"
          src="https://s3-us-west-2.amazonaws.com/kelseylovesart/images/burst.1500x800.jpg"
          width="80%"
        />
        <div
          className="price-title"
          style={
            Object {
              "backgroundColor": "#8FD7E1",
            }
          }
        >
          <div
            className="title"
          >
            Burst
          </div>
          <div>
            $
            150
          </div>
        </div>
      </div>
    </a>
    <a
      className="page-link"
      href="/gallery-item/16"
      onClick={[Function]}
    >
      <div
        className="scroller-item"
      >
        <img
          alt="something"
          src="https://s3-us-west-2.amazonaws.com/kelseylovesart/images/aerials.1000x1000.jpg"
          width="80%"
        />
        <div
          className="price-title"
          style={
            Object {
              "backgroundColor": "#AAFFE7",
            }
          }
        >
          <div
            className="title"
          >
            Aerials
          </div>
          <div>
            $
            100
          </div>
        </div>
      </div>
    </a>
  </div>
</div>
`;
